// Jest Snapshot v1, https://goo.gl/fbAQLP

exports[`it works 1`] = `
.c0 {
  padding: 16px;
  background-color: rgb(209,209,214);
  border-radius: 2px;
  cursor: pointer;
}

<div
  class="c0"
/>
`;
