// Jest Snapshot v1, https://goo.gl/fbAQLP

exports[`<GhostButton /> has 1 child 1`] = `undefined`;
